// Jest Snapshot v1, https://goo.gl/fbAQLP

exports[`<NavHeader /> renders correctly 1`] = `
<View
  style={
    [
      {
        "width": "100%",
      },
      {
        "paddingLeft": 20,
        "paddingRight": 20,
      },
      {
        "flexDirection": "row",
      },
      {
        "alignItems": "center",
      },
      {
        "justifyContent": "space-between",
      },
    ]
  }
>
  <View
    style={
      [
        {
          "position": "relative",
        },
        {
          "flexDirection": "row",
        },
        {
          "alignItems": "center",
        },
        {
          "justifyContent": "flex-start",
        },
      ]
    }
  >
    <View
      style={
        [
          {
            "position": "relative",
          },
          {
            "width": 56,
          },
          {
            "height": 56,
          },
          {
            "flexDirection": "row",
          },
          {
            "alignItems": "center",
          },
          {
            "justifyContent": "center",
          },
          {
            "backgroundColor": "#FFCCCC",
          },
          {
            "borderBottomLeftRadius": 9999,
            "borderBottomRightRadius": 9999,
            "borderTopLeftRadius": 9999,
            "borderTopRightRadius": 9999,
          },
        ]
      }
    >
      <Image
        alt="profile avatar"
        source="@/assets/icons/avatarIcon.png"
      />
      <View
        style={
          [
            {
              "width": 16,
            },
            {
              "height": 16,
            },
            {
              "backgroundColor": "#04802E",
            },
            {
              "borderBottomLeftRadius": 9999,
              "borderBottomRightRadius": 9999,
              "borderTopLeftRadius": 9999,
              "borderTopRightRadius": 9999,
            },
            {
              "borderBottomWidth": 1,
              "borderLeftWidth": 1,
              "borderRightWidth": 1,
              "borderTopWidth": 1,
            },
            {
              "borderBottomColor": "#fff",
              "borderLeftColor": "#fff",
              "borderRightColor": "#fff",
              "borderTopColor": "#fff",
            },
            {
              "position": "absolute",
            },
            {
              "right": 4,
            },
            {
              "bottom": 1,
            },
          ]
        }
      />
    </View>
    <View
      style={
        [
          {
            "flexDirection": "column",
          },
          {
            "alignItems": "flex-start",
          },
          {
            "justifyContent": "flex-start",
          },
          [
            {
              "marginLeft": 12,
            },
          ],
        ]
      }
    >
      <Text
        style={
          [
            {
              "fontSize": 18,
              "lineHeight": 28,
            },
            {
              "fontWeight": "400",
            },
            {
              "color": "#000",
            },
          ]
        }
      >
        Aisha Uthman
      </Text>
      <Text
        style={
          [
            {
              "fontSize": 12,
              "lineHeight": 16,
            },
            {
              "fontWeight": "500",
            },
            {
              "color": "#000",
            },
          ]
        }
      >
        Aisha Ventures
      </Text>
    </View>
  </View>
  <View
    style={
      [
        {
          "flexDirection": "row",
        },
        {
          "alignItems": "center",
        },
        {
          "justifyContent": "flex-end",
        },
      ]
    }
  >
    <View
      accessibilityState={
        {
          "busy": undefined,
          "checked": undefined,
          "disabled": undefined,
          "expanded": undefined,
          "selected": undefined,
        }
      }
      accessibilityValue={
        {
          "max": undefined,
          "min": undefined,
          "now": undefined,
          "text": undefined,
        }
      }
      accessible={true}
      collapsable={false}
      focusable={false}
      onClick={[Function]}
      onResponderGrant={[Function]}
      onResponderMove={[Function]}
      onResponderRelease={[Function]}
      onResponderTerminate={[Function]}
      onResponderTerminationRequest={[Function]}
      onStartShouldSetResponder={[Function]}
      style={
        {
          "opacity": 1,
        }
      }
    >
      <Text />
    </View>
    <View
      accessibilityState={
        {
          "busy": undefined,
          "checked": undefined,
          "disabled": undefined,
          "expanded": undefined,
          "selected": undefined,
        }
      }
      accessibilityValue={
        {
          "max": undefined,
          "min": undefined,
          "now": undefined,
          "text": undefined,
        }
      }
      accessible={true}
      collapsable={false}
      focusable={true}
      onClick={[Function]}
      onResponderGrant={[Function]}
      onResponderMove={[Function]}
      onResponderRelease={[Function]}
      onResponderTerminate={[Function]}
      onResponderTerminationRequest={[Function]}
      onStartShouldSetResponder={[Function]}
      style={
        {
          "marginLeft": 24,
          "opacity": 1,
        }
      }
    >
      <Text />
    </View>
  </View>
</View>
`;
